../Core/Src/m78a_flash.c:49:6:m78a_init	24	static
../Core/Src/m78a_flash.c:74:1:m78a_pageRead	48	static
../Core/Src/m78a_flash.c:102:6:m78a_page_read	24	static
../Core/Src/m78a_flash.c:131:5:m78a_read	296	static
../Core/Src/m78a_flash.c:196:5:m78a_write	176	static
../Core/Src/m78a_flash.c:292:6:m78a_program_load	24	static
../Core/Src/m78a_flash.c:306:6:m78a_program_execute	32	static
../Core/Src/m78a_flash.c:327:6:m78a_check_status_register	24	static
../Core/Src/m78a_flash.c:371:6:m78a_write_enable	8	static
../Core/Src/m78a_flash.c:378:6:m78a_read_device_manufacturar_id	24	static
../Core/Src/m78a_flash.c:400:6:spi_enable	8	static
../Core/Src/m78a_flash.c:411:6:spi_disable	8	static
../Core/Src/m78a_flash.c:423:6:spi_transmit	16	static
../Core/Src/m78a_flash.c:436:6:spi_recieve	16	static
../Core/Src/m78a_flash.c:463:6:spi	32	static
