../Core/Src/m78a_flash.c:54:6:m78a_init	32	static
../Core/Src/m78a_flash.c:86:9:m78a_readReg	24	static
../Core/Src/m78a_flash.c:102:6:m78a_writeReg	24	static
../Core/Src/m78a_flash.c:114:6:m78a_pageRead	48	static
../Core/Src/m78a_flash.c:142:6:m78a_page_read	24	static
../Core/Src/m78a_flash.c:159:5:m78a_read	296	static
../Core/Src/m78a_flash.c:221:5:m78a_write	184	static
../Core/Src/m78a_flash.c:320:6:m78a_program_load	24	static
../Core/Src/m78a_flash.c:334:6:m78a_program_execute	32	static
../Core/Src/m78a_flash.c:355:6:m78a_check_status_register	24	static
../Core/Src/m78a_flash.c:399:6:m78a_write_enable	8	static
../Core/Src/m78a_flash.c:406:6:m78a_read_device_manufacturar_id	24	static
../Core/Src/m78a_flash.c:428:6:spi_enable	8	static
../Core/Src/m78a_flash.c:439:6:spi_disable	8	static
../Core/Src/m78a_flash.c:451:6:spi_transmit	16	static
../Core/Src/m78a_flash.c:464:6:spi_recieve	16	static
../Core/Src/m78a_flash.c:491:6:spi	32	static
