../Core/Src/m78a_flash.c:49:6:m78a_init	32	static
../Core/Src/m78a_flash.c:72:1:m78a_pageRead	48	static
../Core/Src/m78a_flash.c:100:6:m78a_page_read	24	static
../Core/Src/m78a_flash.c:129:5:m78a_read	296	static
../Core/Src/m78a_flash.c:194:5:m78a_write	176	static
../Core/Src/m78a_flash.c:290:6:m78a_program_load	24	static
../Core/Src/m78a_flash.c:304:6:m78a_program_execute	32	static
../Core/Src/m78a_flash.c:325:6:m78a_check_status_register	24	static
../Core/Src/m78a_flash.c:369:6:m78a_write_enable	8	static
../Core/Src/m78a_flash.c:376:6:m78a_read_device_manufacturar_id	16	static
../Core/Src/m78a_flash.c:394:6:spi_enable	8	static
../Core/Src/m78a_flash.c:405:6:spi_disable	8	static
../Core/Src/m78a_flash.c:417:6:spi_transmit	16	static
../Core/Src/m78a_flash.c:430:6:spi_recieve	16	static
../Core/Src/m78a_flash.c:457:6:spi	32	static
