../Core/Src/m78a_flash.c:40:6:m78a_init	2072	static
../Core/Src/m78a_flash.c:58:6:m78a_page_read	48	static
../Core/Src/m78a_flash.c:91:6:m78a_program_load	24	static
../Core/Src/m78a_flash.c:104:6:m78a_program_execute	32	static
../Core/Src/m78a_flash.c:123:6:m78a_check_status_register	24	static
../Core/Src/m78a_flash.c:158:6:m78a_write_enable	8	static
../Core/Src/m78a_flash.c:169:6:m78a_read_device_manufacturar_id	16	static
../Core/Src/m78a_flash.c:187:6:spi_enable	8	static
../Core/Src/m78a_flash.c:198:6:spi_disable	8	static
../Core/Src/m78a_flash.c:210:6:spi_transmit	16	static
../Core/Src/m78a_flash.c:223:6:spi_recieve	16	static
../Core/Src/m78a_flash.c:250:6:spi	32	static
