../Core/Src/m78a_flash.c:72:22:W25N01GW_Init	40	static
../Core/Src/m78a_flash.c:96:6:W25N01GW_init_protect_reg	8	static
../Core/Src/m78a_flash.c:101:9:W25N01GW_readReg	24	static
../Core/Src/m78a_flash.c:117:6:W25N01GW_writeReg	24	static
../Core/Src/m78a_flash.c:129:22:W25N01GW_eraseBlock	32	static
../Core/Src/m78a_flash.c:182:22:W25N01GW_pageRead	24	static
../Core/Src/m78a_flash.c:202:22:W25N01GW_read_spare	296	static
../Core/Src/m78a_flash.c:238:22:W25N01GW_read	296	static
../Core/Src/m78a_flash.c:300:22:W25N01GW_write_spare	168	static
../Core/Src/m78a_flash.c:353:22:W25N01GW_write	176	static
../Core/Src/m78a_flash.c:441:6:W25N01GW_getManufactureAndDevId	32	static
../Core/Src/m78a_flash.c:458:22:W25N01GW_getDeviceInitStatus	4	static
../Core/Src/m78a_flash.c:463:7:W25N01GW_getMemoryParams	16	static
../Core/Src/m78a_flash.c:487:6:spi_enable	8	static
../Core/Src/m78a_flash.c:498:6:spi_disable	8	static
../Core/Src/m78a_flash.c:510:6:spi_transmit	16	static
../Core/Src/m78a_flash.c:523:6:spi_recieve	16	static
../Core/Src/m78a_flash.c:550:6:spi	32	static
