../Core/Src/m78a_flash.c:72:22:W25N01GW_Init	40	static
../Core/Src/m78a_flash.c:121:9:W25N01GW_readReg	24	static
../Core/Src/m78a_flash.c:137:6:W25N01GW_writeReg	24	static
../Core/Src/m78a_flash.c:149:22:W25N01GW_eraseBlock	32	static
../Core/Src/m78a_flash.c:202:22:W25N01GW_pageRead	24	static
../Core/Src/m78a_flash.c:222:22:W25N01GW_read_spare	296	static
../Core/Src/m78a_flash.c:258:22:W25N01GW_read	296	static
../Core/Src/m78a_flash.c:320:22:W25N01GW_write_spare	168	static
../Core/Src/m78a_flash.c:373:22:W25N01GW_write	176	static
../Core/Src/m78a_flash.c:461:6:W25N01GW_getManufactureAndDevId	32	static
../Core/Src/m78a_flash.c:478:22:W25N01GW_getDeviceInitStatus	4	static
../Core/Src/m78a_flash.c:483:7:W25N01GW_getMemoryParams	16	static
../Core/Src/m78a_flash.c:879:6:spi_enable	8	static
../Core/Src/m78a_flash.c:890:6:spi_disable	8	static
../Core/Src/m78a_flash.c:902:6:spi_transmit	16	static
../Core/Src/m78a_flash.c:915:6:spi_recieve	16	static
../Core/Src/m78a_flash.c:942:6:spi	32	static
