../Core/Src/m78a_flash.c:49:6:m78a_init	32	static
../Core/Src/m78a_flash.c:74:6:m78a_page_read	24	static
../Core/Src/m78a_flash.c:103:5:m78a_read	296	static
../Core/Src/m78a_flash.c:168:5:m78a_write	176	static
../Core/Src/m78a_flash.c:264:6:m78a_program_load	24	static
../Core/Src/m78a_flash.c:278:6:m78a_program_execute	32	static
../Core/Src/m78a_flash.c:299:6:m78a_check_status_register	24	static
../Core/Src/m78a_flash.c:343:6:m78a_write_enable	8	static
../Core/Src/m78a_flash.c:350:6:m78a_read_device_manufacturar_id	16	static
../Core/Src/m78a_flash.c:368:6:spi_enable	8	static
../Core/Src/m78a_flash.c:379:6:spi_disable	8	static
../Core/Src/m78a_flash.c:391:6:spi_transmit	16	static
../Core/Src/m78a_flash.c:404:6:spi_recieve	16	static
../Core/Src/m78a_flash.c:431:6:spi	32	static
